Archive member included because of file (symbol)

C:\mspgcc\bin\..\lib\gcc-lib\msp430\3.2.3\libgcc.a(__stop_progExec__.o)
                              ./src/tri86.o (__stop_progExec__)
C:\mspgcc\bin\..\lib\gcc-lib\msp430\3.2.3\libgcc.a(_reset_vector__.o)
                              C:\mspgcc\bin\..\lib\gcc-lib\msp430\3.2.3\..\..\..\..\msp430\lib\crt430x247.o (_reset_vector__)
C:\mspgcc\bin\..\lib\gcc-lib\msp430\3.2.3\libgcc.a(__low_level_init.o)
                              C:\mspgcc\bin\..\lib\gcc-lib\msp430\3.2.3\libgcc.a(_reset_vector__.o) (__low_level_init)
C:\mspgcc\bin\..\lib\gcc-lib\msp430\3.2.3\libgcc.a(__init_stack.o)
                              C:\mspgcc\bin\..\lib\gcc-lib\msp430\3.2.3\libgcc.a(_reset_vector__.o) (__init_stack)
C:\mspgcc\bin\..\lib\gcc-lib\msp430\3.2.3\libgcc.a(_copy_data.o)
                              C:\mspgcc\bin\..\lib\gcc-lib\msp430\3.2.3\libgcc.a(_reset_vector__.o) (__do_copy_data)
C:\mspgcc\bin\..\lib\gcc-lib\msp430\3.2.3\libgcc.a(_clear_bss.o)
                              C:\mspgcc\bin\..\lib\gcc-lib\msp430\3.2.3\libgcc.a(_reset_vector__.o) (__do_clear_bss)
C:\mspgcc\bin\..\lib\gcc-lib\msp430\3.2.3\libgcc.a(__jump_to_main.o)
                              C:\mspgcc\bin\..\lib\gcc-lib\msp430\3.2.3\libgcc.a(_reset_vector__.o) (__jump_to_main)
C:\mspgcc\bin\..\lib\gcc-lib\msp430\3.2.3\libgcc.a(_fixunssfsi.o)
                              ./src/gauge.o (__fixunssfsi)
C:\mspgcc\bin\..\lib\gcc-lib\msp430\3.2.3\libgcc.a(_addsub_sf.o)
                              ./src/pedal.o (__addsf3)
C:\mspgcc\bin\..\lib\gcc-lib\msp430\3.2.3\libgcc.a(_mul_sf.o)
                              ./src/gauge.o (__mulsf3)
C:\mspgcc\bin\..\lib\gcc-lib\msp430\3.2.3\libgcc.a(_div_sf.o)
                              ./src/gauge.o (__divsf3)
C:\mspgcc\bin\..\lib\gcc-lib\msp430\3.2.3\libgcc.a(_gt_sf.o)
                              ./src/gauge.o (__gtsf2)
C:\mspgcc\bin\..\lib\gcc-lib\msp430\3.2.3\libgcc.a(_ge_sf.o)
                              ./src/tri86.o (__gesf2)
C:\mspgcc\bin\..\lib\gcc-lib\msp430\3.2.3\libgcc.a(_lt_sf.o)
                              ./src/gauge.o (__ltsf2)
C:\mspgcc\bin\..\lib\gcc-lib\msp430\3.2.3\libgcc.a(_le_sf.o)
                              ./src/tri86.o (__lesf2)
C:\mspgcc\bin\..\lib\gcc-lib\msp430\3.2.3\libgcc.a(_si_to_sf.o)
                              ./src/pedal.o (__floatsisf)
C:\mspgcc\bin\..\lib\gcc-lib\msp430\3.2.3\libgcc.a(_sf_to_si.o)
                              C:\mspgcc\bin\..\lib\gcc-lib\msp430\3.2.3\libgcc.a(_fixunssfsi.o) (__fixsfsi)
C:\mspgcc\bin\..\lib\gcc-lib\msp430\3.2.3\libgcc.a(_thenan_sf.o)
                              C:\mspgcc\bin\..\lib\gcc-lib\msp430\3.2.3\libgcc.a(_addsub_sf.o) (__thenan_sf)
C:\mspgcc\bin\..\lib\gcc-lib\msp430\3.2.3\libgcc.a(_pack_sf.o)
                              C:\mspgcc\bin\..\lib\gcc-lib\msp430\3.2.3\libgcc.a(_addsub_sf.o) (__pack_f)
C:\mspgcc\bin\..\lib\gcc-lib\msp430\3.2.3\libgcc.a(_unpack_sf.o)
                              C:\mspgcc\bin\..\lib\gcc-lib\msp430\3.2.3\libgcc.a(_addsub_sf.o) (__unpack_f)
C:\mspgcc\bin\..\lib\gcc-lib\msp430\3.2.3\libgcc.a(_fpcmp_parts_sf.o)
                              C:\mspgcc\bin\..\lib\gcc-lib\msp430\3.2.3\libgcc.a(_gt_sf.o) (__fpcmp_parts_f)

Allocating common symbols
Common symbol       size              file

can_pop_ptr         0x2               ./src/can.o
command             0xe               ./src/pedal.o
hware               0x8               ./src/variant.o
canq                0x180             ./src/can.o
buffer              0x10              ./src/can.o
can_push_ptr        0x2               ./src/can.o
can                 0xc               ./src/can.o
gauge               0x8               ./src/gauge.o
can_addr            0x2               ./src/tri86.o
flash               0x8               ./src/flash.o

Memory Configuration

Name             Origin             Length             Attributes
ram_mirror       0x00000200         0x00000800         xw
infomemnobits    0x00001000         0x00000100         xr
infomem          0x00001000         0x00000100         xr
data             0x00001100         0x00001000         xrw
crcstore         0x00008000         0x00000010         xr
uservectors      0x00008010         0x00000040         xr
vectors          0x00008050         0x00000020         rw
text             0x00008070         0x00006d90         xr
hware_version    0x0000ffd8         0x00000008         r
*default*        0x00000000         0xffffffff

Linker script and memory map

LOAD C:\mspgcc\bin\..\lib\gcc-lib\msp430\3.2.3\..\..\..\..\msp430\lib\crt430x247.o
LOAD ./src/can.o
LOAD ./src/flash.o
LOAD ./src/gauge.o
LOAD ./src/pedal.o
LOAD ./src/switch.o
LOAD ./src/tri86.o
LOAD ./src/usci.o
LOAD ./src/variant.o
LOAD C:\mspgcc\bin\..\lib\gcc-lib\msp430\3.2.3\libgcc.a
LOAD C:\mspgcc\bin\..\lib\gcc-lib\msp430\3.2.3\..\..\..\..\msp430\lib\libc.a
LOAD C:\mspgcc\bin\..\lib\gcc-lib\msp430\3.2.3\libgcc.a

.hware_version  0x0000ffd8        0x8
 *(.hware_version)
 .hware_version
                0x0000ffd8        0x8 ./src/variant.o
                0x0000ffd8                bl_hware_info

.hash
 *(.hash)

.dynsym
 *(.dynsym)

.dynstr
 *(.dynstr)

.gnu.version
 *(.gnu.version)

.gnu.version_d
 *(.gnu.version_d)

.gnu.version_r
 *(.gnu.version_r)

.rel.init
 *(.rel.init)

.rela.init
 *(.rela.init)

.rel.text
 *(.rel.text)
 *(.rel.text.*)
 *(.rel.gnu.linkonce.t*)

.rela.text
 *(.rela.text)
 *(.rela.text.*)
 *(.rela.gnu.linkonce.t*)

.rel.fini
 *(.rel.fini)

.rela.fini
 *(.rela.fini)

.rel.rodata
 *(.rel.rodata)
 *(.rel.rodata.*)
 *(.rel.gnu.linkonce.r*)

.rela.rodata
 *(.rela.rodata)
 *(.rela.rodata.*)
 *(.rela.gnu.linkonce.r*)

.rel.data
 *(.rel.data)
 *(.rel.data.*)
 *(.rel.gnu.linkonce.d*)

.rela.data
 *(.rela.data)
 *(.rela.data.*)
 *(.rela.gnu.linkonce.d*)

.rel.ctors
 *(.rel.ctors)

.rela.ctors
 *(.rela.ctors)

.rel.dtors
 *(.rel.dtors)

.rela.dtors
 *(.rela.dtors)

.rel.got
 *(.rel.got)

.rela.got
 *(.rela.got)

.rel.bss
 *(.rel.bss)

.rela.bss
 *(.rela.bss)

.rel.plt
 *(.rel.plt)

.rela.plt
 *(.rela.plt)

.text           0x00008070     0x2848
                0x00008070                . = ALIGN (0x2)
 *(.init)
 *(.init)
 *(.init0)
 .init0         0x00008070        0x0 C:\mspgcc\bin\..\lib\gcc-lib\msp430\3.2.3\libgcc.a(_reset_vector__.o)
                0x00008070                _reset_vector__
 *(.init0)
 *(.init1)
 *(.init1)
 *(.init2)
 .init2         0x00008070        0x4 C:\mspgcc\bin\..\lib\gcc-lib\msp430\3.2.3\libgcc.a(__init_stack.o)
                0x00008070                __init_stack
 *(.init2)
 *(.init3)
 .init3         0x00008074        0x6 C:\mspgcc\bin\..\lib\gcc-lib\msp430\3.2.3\libgcc.a(__low_level_init.o)
                0x00008074                __low_level_init
 *(.init3)
 *(.init4)
 .init4         0x0000807a       0x12 C:\mspgcc\bin\..\lib\gcc-lib\msp430\3.2.3\libgcc.a(_copy_data.o)
                0x0000807a                __do_copy_data
 .init4         0x0000808c       0x10 C:\mspgcc\bin\..\lib\gcc-lib\msp430\3.2.3\libgcc.a(_clear_bss.o)
                0x0000808c                __do_clear_bss
 *(.init4)
 *(.init5)
 *(.init5)
 *(.init6)
 *(.init6)
 *(.init7)
 *(.init7)
 *(.init8)
 *(.init8)
 *(.init9)
 .init9         0x0000809c        0x4 C:\mspgcc\bin\..\lib\gcc-lib\msp430\3.2.3\libgcc.a(__jump_to_main.o)
                0x0000809c                __jump_to_main
 *(.init9)
                0x000080a0                __ctors_start = .
 *(.ctors)
 *(.ctors)
                0x000080a0                __ctors_end = .
                0x000080a0                __dtors_start = .
 *(.dtors)
 *(.dtors)
                0x000080a0                __dtors_end = .
                0x000080a0                . = ALIGN (0x2)
 *(.text)
 .text          0x000080a0        0x6 C:\mspgcc\bin\..\lib\gcc-lib\msp430\3.2.3\..\..\..\..\msp430\lib\crt430x247.o
                0x000080a0                _unexpected_1_
                0x000080a0                vector_ffe0
                0x000080a0                vector_ffec
                0x000080a0                vector_fff0
                0x000080a0                vector_fffc
                0x000080a0                vector_ffe4
                0x000080a0                vector_ffe2
                0x000080a0                vector_ffe8
                0x000080a4                _unexpected_
                0x000080a0                vector_ffee
                0x000080a0                vector_fff4
                0x000080a0                vector_fff8
                0x000080a0                vector_ffe6
                0x000080a0                vector_fff6
 .text          0x000080a6      0x69a ./src/can.o
                0x0000843a                can_transmit
                0x0000851e                can_sleep
                0x000080a6                can_init
                0x000085bc                can_read_rx
                0x000084e0                can_push
                0x0000865a                can_write_tx
                0x0000870a                can_mod
                0x00008568                can_reset
                0x0000857a                can_read
                0x000086a6                can_rts
                0x000084f8                can_abort_transmit
                0x000086f0                can_read_filter
                0x000086d6                can_read_status
                0x00008558                can_wake
                0x00008612                can_write
                0x00008296                can_receive
 .text          0x00008740       0x6c ./src/flash.o
                0x0000877a                flash_write
                0x00008748                flash_erase
                0x00008740                flash_init
                0x00008760                flash_read
 .text          0x000087ac      0x152 ./src/gauge.o
                0x000087d6                gauge_tach_update
                0x000088d8                gauge_fuel_update
                0x0000884a                gauge_power_update
                0x000088ae                gauge_temp_update
                0x000087ac                gauge_init
 .text          0x000088fe      0x1be ./src/pedal.o
                0x000088fe                process_pedal
 .text          0x00008abc      0x1ac ./src/switch.o
                0x00008abe                switch_update
                0x00008abc                switch_init
 .text          0x00008c68      0xd0e ./src/tri86.o
                0x00009790                io_init
                0x00009782                clock_init
                0x000097e6                timerB_init
                0x00009862                timer_b0
                0x00009862                vector_fffa
                0x00008c68                main
                0x00009922                vector_fff2
                0x0000996a                adc_isr
                0x000097cc                timerA_init
                0x0000981a                adc_init
                0x00009922                timer_a0
                0x0000996a                vector_ffea
 .text          0x00009976       0x4e ./src/usci.o
                0x000099b2                usci_exchange
                0x000099a2                usci_transmit
                0x00009976                usci_init
 .text          0x000099c4      0x19e ./src/variant.o
                0x00009a10                variant_devinfo_req
                0x000099c4                variant_retreive_hware
 .text          0x00009b62        0x0 C:\mspgcc\bin\..\lib\gcc-lib\msp430\3.2.3\libgcc.a(__stop_progExec__.o)
 .text          0x00009b62        0x0 C:\mspgcc\bin\..\lib\gcc-lib\msp430\3.2.3\libgcc.a(_reset_vector__.o)
 .text          0x00009b62        0x0 C:\mspgcc\bin\..\lib\gcc-lib\msp430\3.2.3\libgcc.a(__low_level_init.o)
 .text          0x00009b62        0x0 C:\mspgcc\bin\..\lib\gcc-lib\msp430\3.2.3\libgcc.a(__init_stack.o)
 .text          0x00009b62        0x0 C:\mspgcc\bin\..\lib\gcc-lib\msp430\3.2.3\libgcc.a(_copy_data.o)
 .text          0x00009b62        0x0 C:\mspgcc\bin\..\lib\gcc-lib\msp430\3.2.3\libgcc.a(_clear_bss.o)
 .text          0x00009b62        0x0 C:\mspgcc\bin\..\lib\gcc-lib\msp430\3.2.3\libgcc.a(__jump_to_main.o)
 .text          0x00009b62       0x3e C:\mspgcc\bin\..\lib\gcc-lib\msp430\3.2.3\libgcc.a(_fixunssfsi.o)
                0x00009b62                __fixunssfsi
 .text          0x00009ba0      0x2be C:\mspgcc\bin\..\lib\gcc-lib\msp430\3.2.3\libgcc.a(_addsub_sf.o)
                0x00009e0e                __subsf3
                0x00009dc2                __addsf3
 .text          0x00009e5e      0x26a C:\mspgcc\bin\..\lib\gcc-lib\msp430\3.2.3\libgcc.a(_mul_sf.o)
                0x00009e5e                __mulsf3
 .text          0x0000a0c8      0x172 C:\mspgcc\bin\..\lib\gcc-lib\msp430\3.2.3\libgcc.a(_div_sf.o)
                0x0000a0c8                __divsf3
 .text          0x0000a23a       0x62 C:\mspgcc\bin\..\lib\gcc-lib\msp430\3.2.3\libgcc.a(_gt_sf.o)
                0x0000a23a                __gtsf2
 .text          0x0000a29c       0x62 C:\mspgcc\bin\..\lib\gcc-lib\msp430\3.2.3\libgcc.a(_ge_sf.o)
                0x0000a29c                __gesf2
 .text          0x0000a2fe       0x62 C:\mspgcc\bin\..\lib\gcc-lib\msp430\3.2.3\libgcc.a(_lt_sf.o)
                0x0000a2fe                __ltsf2
 .text          0x0000a360       0x62 C:\mspgcc\bin\..\lib\gcc-lib\msp430\3.2.3\libgcc.a(_le_sf.o)
                0x0000a360                __lesf2
 .text          0x0000a3c2       0x92 C:\mspgcc\bin\..\lib\gcc-lib\msp430\3.2.3\libgcc.a(_si_to_sf.o)
                0x0000a3c2                __floatsisf
 .text          0x0000a454       0x9c C:\mspgcc\bin\..\lib\gcc-lib\msp430\3.2.3\libgcc.a(_sf_to_si.o)
                0x0000a454                __fixsfsi
 .text          0x0000a4f0        0x8 C:\mspgcc\bin\..\lib\gcc-lib\msp430\3.2.3\libgcc.a(_thenan_sf.o)
                0x0000a4f0                __thenan_sf
 .text          0x0000a4f8      0x1b0 C:\mspgcc\bin\..\lib\gcc-lib\msp430\3.2.3\libgcc.a(_pack_sf.o)
                0x0000a4f8                __pack_f
 .text          0x0000a6a8       0xf6 C:\mspgcc\bin\..\lib\gcc-lib\msp430\3.2.3\libgcc.a(_unpack_sf.o)
                0x0000a6a8                __unpack_f
 .text          0x0000a79e      0x118 C:\mspgcc\bin\..\lib\gcc-lib\msp430\3.2.3\libgcc.a(_fpcmp_parts_sf.o)
                0x0000a79e                __fpcmp_parts_f
                0x0000a8b6                . = ALIGN (0x2)
 *(.text.*)
 .text.libgcc   0x0000a8b6        0x0 C:\mspgcc\bin\..\lib\gcc-lib\msp430\3.2.3\libgcc.a(__stop_progExec__.o)
 .text.libgcc   0x0000a8b6        0x0 C:\mspgcc\bin\..\lib\gcc-lib\msp430\3.2.3\libgcc.a(_reset_vector__.o)
 .text.libgcc   0x0000a8b6        0x0 C:\mspgcc\bin\..\lib\gcc-lib\msp430\3.2.3\libgcc.a(__low_level_init.o)
 .text.libgcc   0x0000a8b6        0x0 C:\mspgcc\bin\..\lib\gcc-lib\msp430\3.2.3\libgcc.a(__init_stack.o)
 .text.libgcc   0x0000a8b6        0x0 C:\mspgcc\bin\..\lib\gcc-lib\msp430\3.2.3\libgcc.a(_copy_data.o)
 .text.libgcc   0x0000a8b6        0x0 C:\mspgcc\bin\..\lib\gcc-lib\msp430\3.2.3\libgcc.a(_clear_bss.o)
 .text.libgcc   0x0000a8b6        0x0 C:\mspgcc\bin\..\lib\gcc-lib\msp430\3.2.3\libgcc.a(__jump_to_main.o)
                0x0000a8b6                . = ALIGN (0x2)
 *(.fini9)
 .fini9         0x0000a8b6        0x0 C:\mspgcc\bin\..\lib\gcc-lib\msp430\3.2.3\libgcc.a(__stop_progExec__.o)
                0x0000a8b6                __stop_progExec__
 *(.fini9)
 *(.fini8)
 *(.fini8)
 *(.fini7)
 *(.fini7)
 *(.fini6)
 *(.fini6)
 *(.fini5)
 *(.fini5)
 *(.fini4)
 *(.fini4)
 *(.fini3)
 *(.fini3)
 *(.fini2)
 *(.fini2)
 *(.fini1)
 *(.fini1)
 *(.fini0)
 .fini0         0x0000a8b6        0x2 C:\mspgcc\bin\..\lib\gcc-lib\msp430\3.2.3\libgcc.a(__stop_progExec__.o)
 *(.fini0)
 *(.fini)
 *(.fini)
                0x0000a8b8                _etext = .

.data           0x00001100       0x26 load address 0x0000a8b8
                0x00001100                PROVIDE (__data_start, .)
                0x00001100                . = ALIGN (0x2)
 *(.data)
 .data          0x00001100        0x0 C:\mspgcc\bin\..\lib\gcc-lib\msp430\3.2.3\..\..\..\..\msp430\lib\crt430x247.o
 .data          0x00001100        0x0 ./src/can.o
 .data          0x00001100        0x0 ./src/flash.o
 .data          0x00001100        0x0 ./src/gauge.o
 .data          0x00001100        0x0 ./src/pedal.o
 .data          0x00001100        0xc ./src/switch.o
                0x00001100                switches
 .data          0x0000110c       0x1a ./src/tri86.o
                0x00001112                motor_temp
                0x0000111e                battery_current
                0x0000111a                battery_voltage
                0x0000110e                motor_rpm
                0x00001122                inblWS
                0x0000110c                events
                0x00001116                controller_temp
 .data          0x00001126        0x0 ./src/usci.o
 .data          0x00001126        0x0 ./src/variant.o
 .data          0x00001126        0x0 C:\mspgcc\bin\..\lib\gcc-lib\msp430\3.2.3\libgcc.a(__stop_progExec__.o)
 .data          0x00001126        0x0 C:\mspgcc\bin\..\lib\gcc-lib\msp430\3.2.3\libgcc.a(_reset_vector__.o)
 .data          0x00001126        0x0 C:\mspgcc\bin\..\lib\gcc-lib\msp430\3.2.3\libgcc.a(__low_level_init.o)
 .data          0x00001126        0x0 C:\mspgcc\bin\..\lib\gcc-lib\msp430\3.2.3\libgcc.a(__init_stack.o)
 .data          0x00001126        0x0 C:\mspgcc\bin\..\lib\gcc-lib\msp430\3.2.3\libgcc.a(_copy_data.o)
 .data          0x00001126        0x0 C:\mspgcc\bin\..\lib\gcc-lib\msp430\3.2.3\libgcc.a(_clear_bss.o)
 .data          0x00001126        0x0 C:\mspgcc\bin\..\lib\gcc-lib\msp430\3.2.3\libgcc.a(__jump_to_main.o)
 .data          0x00001126        0x0 C:\mspgcc\bin\..\lib\gcc-lib\msp430\3.2.3\libgcc.a(_fixunssfsi.o)
 .data          0x00001126        0x0 C:\mspgcc\bin\..\lib\gcc-lib\msp430\3.2.3\libgcc.a(_addsub_sf.o)
 .data          0x00001126        0x0 C:\mspgcc\bin\..\lib\gcc-lib\msp430\3.2.3\libgcc.a(_mul_sf.o)
 .data          0x00001126        0x0 C:\mspgcc\bin\..\lib\gcc-lib\msp430\3.2.3\libgcc.a(_div_sf.o)
 .data          0x00001126        0x0 C:\mspgcc\bin\..\lib\gcc-lib\msp430\3.2.3\libgcc.a(_gt_sf.o)
 .data          0x00001126        0x0 C:\mspgcc\bin\..\lib\gcc-lib\msp430\3.2.3\libgcc.a(_ge_sf.o)
 .data          0x00001126        0x0 C:\mspgcc\bin\..\lib\gcc-lib\msp430\3.2.3\libgcc.a(_lt_sf.o)
 .data          0x00001126        0x0 C:\mspgcc\bin\..\lib\gcc-lib\msp430\3.2.3\libgcc.a(_le_sf.o)
 .data          0x00001126        0x0 C:\mspgcc\bin\..\lib\gcc-lib\msp430\3.2.3\libgcc.a(_si_to_sf.o)
 .data          0x00001126        0x0 C:\mspgcc\bin\..\lib\gcc-lib\msp430\3.2.3\libgcc.a(_sf_to_si.o)
 .data          0x00001126        0x0 C:\mspgcc\bin\..\lib\gcc-lib\msp430\3.2.3\libgcc.a(_thenan_sf.o)
 .data          0x00001126        0x0 C:\mspgcc\bin\..\lib\gcc-lib\msp430\3.2.3\libgcc.a(_pack_sf.o)
 .data          0x00001126        0x0 C:\mspgcc\bin\..\lib\gcc-lib\msp430\3.2.3\libgcc.a(_unpack_sf.o)
 .data          0x00001126        0x0 C:\mspgcc\bin\..\lib\gcc-lib\msp430\3.2.3\libgcc.a(_fpcmp_parts_sf.o)
 *(SORT(.data.*))
                0x00001126                . = ALIGN (0x2)
 *(.gnu.linkonce.d*)
                0x00001126                . = ALIGN (0x2)
                0x00001126                _edata = .
                0x0000a8b8                PROVIDE (__data_load_start, LOADADDR (.data))
                0x00000026                PROVIDE (__data_size, SIZEOF (.data))

.infomem        0x00001000        0x0
 *(.infomem)
                0x00001000                . = ALIGN (0x2)
 *(.infomem.*)

.infomemnobits  0x00001000        0x0
 *(.infomemnobits)
                0x00001000                . = ALIGN (0x2)
 *(.infomemnobits.*)

.bss            0x00001126      0x1d4
                0x00001126                PROVIDE (__bss_start, .)
 *(.bss)
 .bss           0x00001126        0x0 C:\mspgcc\bin\..\lib\gcc-lib\msp430\3.2.3\..\..\..\..\msp430\lib\crt430x247.o
 .bss           0x00001126        0x0 ./src/can.o
 .bss           0x00001126        0x0 ./src/flash.o
 .bss           0x00001126        0x0 ./src/gauge.o
 .bss           0x00001126        0x0 ./src/pedal.o
 .bss           0x00001126        0x0 ./src/switch.o
 .bss           0x00001126        0xc ./src/tri86.o
 .bss           0x00001132        0x0 ./src/usci.o
 .bss           0x00001132        0x0 ./src/variant.o
 .bss           0x00001132        0x0 C:\mspgcc\bin\..\lib\gcc-lib\msp430\3.2.3\libgcc.a(__stop_progExec__.o)
 .bss           0x00001132        0x0 C:\mspgcc\bin\..\lib\gcc-lib\msp430\3.2.3\libgcc.a(_reset_vector__.o)
 .bss           0x00001132        0x0 C:\mspgcc\bin\..\lib\gcc-lib\msp430\3.2.3\libgcc.a(__low_level_init.o)
 .bss           0x00001132        0x0 C:\mspgcc\bin\..\lib\gcc-lib\msp430\3.2.3\libgcc.a(__init_stack.o)
 .bss           0x00001132        0x0 C:\mspgcc\bin\..\lib\gcc-lib\msp430\3.2.3\libgcc.a(_copy_data.o)
 .bss           0x00001132        0x0 C:\mspgcc\bin\..\lib\gcc-lib\msp430\3.2.3\libgcc.a(_clear_bss.o)
 .bss           0x00001132        0x0 C:\mspgcc\bin\..\lib\gcc-lib\msp430\3.2.3\libgcc.a(__jump_to_main.o)
 .bss           0x00001132        0x0 C:\mspgcc\bin\..\lib\gcc-lib\msp430\3.2.3\libgcc.a(_fixunssfsi.o)
 .bss           0x00001132        0x0 C:\mspgcc\bin\..\lib\gcc-lib\msp430\3.2.3\libgcc.a(_addsub_sf.o)
 .bss           0x00001132        0x0 C:\mspgcc\bin\..\lib\gcc-lib\msp430\3.2.3\libgcc.a(_mul_sf.o)
 .bss           0x00001132        0x0 C:\mspgcc\bin\..\lib\gcc-lib\msp430\3.2.3\libgcc.a(_div_sf.o)
 .bss           0x00001132        0x0 C:\mspgcc\bin\..\lib\gcc-lib\msp430\3.2.3\libgcc.a(_gt_sf.o)
 .bss           0x00001132        0x0 C:\mspgcc\bin\..\lib\gcc-lib\msp430\3.2.3\libgcc.a(_ge_sf.o)
 .bss           0x00001132        0x0 C:\mspgcc\bin\..\lib\gcc-lib\msp430\3.2.3\libgcc.a(_lt_sf.o)
 .bss           0x00001132        0x0 C:\mspgcc\bin\..\lib\gcc-lib\msp430\3.2.3\libgcc.a(_le_sf.o)
 .bss           0x00001132        0x0 C:\mspgcc\bin\..\lib\gcc-lib\msp430\3.2.3\libgcc.a(_si_to_sf.o)
 .bss           0x00001132        0x0 C:\mspgcc\bin\..\lib\gcc-lib\msp430\3.2.3\libgcc.a(_sf_to_si.o)
 .bss           0x00001132        0x0 C:\mspgcc\bin\..\lib\gcc-lib\msp430\3.2.3\libgcc.a(_thenan_sf.o)
 .bss           0x00001132        0x0 C:\mspgcc\bin\..\lib\gcc-lib\msp430\3.2.3\libgcc.a(_pack_sf.o)
 .bss           0x00001132        0x0 C:\mspgcc\bin\..\lib\gcc-lib\msp430\3.2.3\libgcc.a(_unpack_sf.o)
 .bss           0x00001132        0x0 C:\mspgcc\bin\..\lib\gcc-lib\msp430\3.2.3\libgcc.a(_fpcmp_parts_sf.o)
 *(SORT(.bss.*))
 *(COMMON)
 COMMON         0x00001132      0x1a0 ./src/can.o
                0x00001132                can_pop_ptr
                0x00001134                canq
                0x000012b4                buffer
                0x000012c4                can_push_ptr
                0x000012c6                can
 COMMON         0x000012d2        0x8 ./src/flash.o
                0x000012d2                flash
 COMMON         0x000012da        0x8 ./src/gauge.o
                0x000012da                gauge
 COMMON         0x000012e2        0xe ./src/pedal.o
                0x000012e2                command
 COMMON         0x000012f0        0x2 ./src/tri86.o
                0x000012f0                can_addr
 COMMON         0x000012f2        0x8 ./src/variant.o
                0x000012f2                hware
                0x000012fa                PROVIDE (__bss_end, .)
                0x000012fa                _end = .
                0x000001d4                PROVIDE (__bss_size, SIZEOF (.bss))

.noinit         0x000012fa        0x0
                0x000012fa                PROVIDE (__noinit_start, .)
 *(.noinit)
 *(.noinit.*)
 *(COMMON)
                0x000012fa                PROVIDE (__noinit_end, .)
                0x000012fa                _end = .

.vectors        0x00008050       0x20
                0x00008050                PROVIDE (__vectors_start, .)
 *(.vectors*)
 .vectors       0x00008050       0x20 C:\mspgcc\bin\..\lib\gcc-lib\msp430\3.2.3\..\..\..\..\msp430\lib\crt430x247.o
                0x00008050                InterruptVectors
 *(.vectors*)
                0x00008070                _vectors_end = .

.profiler
 *(.profiler)

.stab           0x00000000     0x3318
 *(.stab)
 .stab          0x00000000       0xf0 C:\mspgcc\bin\..\lib\gcc-lib\msp430\3.2.3\..\..\..\..\msp430\lib\crt430x247.o
 .stab          0x000000f0      0x39c C:\mspgcc\bin\..\lib\gcc-lib\msp430\3.2.3\libgcc.a(_fixunssfsi.o)
                                0x3a8 (size before relaxing)
 .stab          0x0000048c      0x804 C:\mspgcc\bin\..\lib\gcc-lib\msp430\3.2.3\libgcc.a(_addsub_sf.o)
                                0x8a0 (size before relaxing)
 .stab          0x00000c90      0x630 C:\mspgcc\bin\..\lib\gcc-lib\msp430\3.2.3\libgcc.a(_mul_sf.o)
                                0x798 (size before relaxing)
 .stab          0x000012c0      0x4d4 C:\mspgcc\bin\..\lib\gcc-lib\msp430\3.2.3\libgcc.a(_div_sf.o)
                                0x63c (size before relaxing)
 .stab          0x00001794      0x288 C:\mspgcc\bin\..\lib\gcc-lib\msp430\3.2.3\libgcc.a(_gt_sf.o)
                                0x3f0 (size before relaxing)
 .stab          0x00001a1c      0x288 C:\mspgcc\bin\..\lib\gcc-lib\msp430\3.2.3\libgcc.a(_ge_sf.o)
                                0x3f0 (size before relaxing)
 .stab          0x00001ca4      0x288 C:\mspgcc\bin\..\lib\gcc-lib\msp430\3.2.3\libgcc.a(_lt_sf.o)
                                0x3f0 (size before relaxing)
 .stab          0x00001f2c      0x288 C:\mspgcc\bin\..\lib\gcc-lib\msp430\3.2.3\libgcc.a(_le_sf.o)
                                0x3f0 (size before relaxing)
 .stab          0x000021b4      0x288 C:\mspgcc\bin\..\lib\gcc-lib\msp430\3.2.3\libgcc.a(_si_to_sf.o)
                                0x3f0 (size before relaxing)
 .stab          0x0000243c      0x294 C:\mspgcc\bin\..\lib\gcc-lib\msp430\3.2.3\libgcc.a(_sf_to_si.o)
                                0x3fc (size before relaxing)
 .stab          0x000026d0      0x18c C:\mspgcc\bin\..\lib\gcc-lib\msp430\3.2.3\libgcc.a(_thenan_sf.o)
                                0x2f4 (size before relaxing)
 .stab          0x0000285c      0x450 C:\mspgcc\bin\..\lib\gcc-lib\msp430\3.2.3\libgcc.a(_pack_sf.o)
                                0x5b8 (size before relaxing)
 .stab          0x00002cac      0x318 C:\mspgcc\bin\..\lib\gcc-lib\msp430\3.2.3\libgcc.a(_unpack_sf.o)
                                0x480 (size before relaxing)
 .stab          0x00002fc4      0x354 C:\mspgcc\bin\..\lib\gcc-lib\msp430\3.2.3\libgcc.a(_fpcmp_parts_sf.o)
                                0x4bc (size before relaxing)

.stabstr        0x00000000      0xe8c
 *(.stabstr)
 .stabstr       0x00000000      0xe8c C:\mspgcc\bin\..\lib\gcc-lib\msp430\3.2.3\..\..\..\..\msp430\lib\crt430x247.o

.stab.excl
 *(.stab.excl)

.stab.exclstr
 *(.stab.exclstr)

.stab.index
 *(.stab.index)

.stab.indexstr
 *(.stab.indexstr)

.comment
 *(.comment)

.debug
 *(.debug)

.line
 *(.line)

.debug_srcinfo
 *(.debug_srcinfo)

.debug_sfnames
 *(.debug_sfnames)

.debug_aranges
 *(.debug_aranges)

.debug_pubnames
 *(.debug_pubnames)

.debug_info
 *(.debug_info)
 *(.gnu.linkonce.wi.*)

.debug_abbrev
 *(.debug_abbrev)

.debug_line
 *(.debug_line)

.debug_frame
 *(.debug_frame)

.debug_str
 *(.debug_str)

.debug_loc
 *(.debug_loc)

.debug_macinfo
 *(.debug_macinfo)

.debug_pubtypes
 *(.debug_pubtypes)

.debug_ranges
 *(.debug_ranges)
                0x00002100                PROVIDE (__stack, 0x2100)
                0x0000a8b8                PROVIDE (__data_start_rom, _etext)
                0x0000a8de                PROVIDE (__data_end_rom, (_etext + SIZEOF (.data)))
                0x0000a8de                PROVIDE (__noinit_start_rom, (_etext + SIZEOF (.data)))
                0x0000a8de                PROVIDE (__noinit_end_rom, ((_etext + SIZEOF (.data)) + SIZEOF (.noinit)))
                0x00000000                PROVIDE (__subdevice_has_heap, 0x0)
                0x00000002                __IFG1 = 0x2
OUTPUT(tri86.elf elf32-msp430)
